// Jest Snapshot v1, https://goo.gl/fbAQLP

exports[`home-page renders correctly 1`] = `"<home-page class=\\"hydrated\\"><div class=\\"o-home-page u-centered u-absolute-center u-large\\"><h1 class=\\"c-heading u-super\\">Togglz</h1><blaze-toggle class=\\"u-super hydrated\\" type=\\"brand\\"><label class=\\"c-toggle c-toggle--brand\\"><input type=\\"checkbox\\" aria-checked=\\"true\\"><div class=\\"c-toggle__track\\"><div class=\\"c-toggle__handle\\"></div></div></label></blaze-toggle><h2 class=\\"c-heading u-medium u-text--quiet c-tagline\\">Feature toggle service for websites and apps</h2></div></home-page>"`;
